gpasm-0.13.3 beta               timer8.asm  9-2-2006  17:59:38           PAGE  1


LOC  OBJECT CODE     LINE SOURCE TEXT
  VALUE
 
               00001 ; ***********************************************************
               00002 ;
               00003 ; file: timer8.asm
               00004 ; target: PIC12f675 on PICKit 1
               00005 ; author: David Henry
               00006 ; licence: This program is licensed under the terms of the
               00007 ;          MIT licence.  You can get a copy of it at:
               00008 ;     http://www.opensource.org/licenses/mit-license.php
               00009 ;
               00010 ; This program makes lighting LEDs D0 to D7 one by one.
               00011 ; 16-bit Timer1 is used for waiting before switching to the
               00012 ; next LED.
               00013 ;
               00014 ; ***********************************************************
               00015 
               00016         ; use PIC 12F675
               00017         list            p=12f675
               00018         #include        <p12f675.inc>
               00001         LIST
               00002 ; P12F675.INC  Standard Header File, Version 1.04    Microchip Technology, Inc.
               00284         LIST
               00019 
               00020         ; set configuration word.
002007 3F84    00021         __CONFIG        _CPD_OFF & _CP_OFF & _BODEN_OFF & _MCLRE_OFF & _WDT_OFF & _PWRTE_ON & _INTRC_OSC_NOCLKOUT
               00022 
               00023         ; hide warning message 302:
               00024         ; "Register in operand not in bank 0. Ensure bank bits are correct."
               00025         errorlevel      -302
               00026 
               00027         ; -------------------------------------------------------
               00028         ; global variable declarations.
               00029         ; -------------------------------------------------------
               00030 
  00000020     00031 ledn            equ     0x20
  00000021     00032 index           equ     0x21
               00033 
  00000022     00034 status_temp     equ     0x22
  00000023     00035 w_temp          equ     0x23
               00036 
               00037         ; -------------------------------------------------------
               00038         ; reset vector.  this is where the PCL is set after
               00039         ; power on and reset.
               00040         ; -------------------------------------------------------
               00041 
0000           00042         org     0x00
0000 2833      00043         goto    main
               00044 
               00045         ; -------------------------------------------------------
               00046         ; interrupt vector.  this is where the PCL is set after
               00047         ; an interruption occured.
               00048         ; -------------------------------------------------------
               00049 
0004           00050         org     0x04
0004 00A3      00051         movwf   w_temp
gpasm-0.13.3 beta               timer8.asm  9-2-2006  17:59:38           PAGE  2


LOC  OBJECT CODE     LINE SOURCE TEXT
  VALUE
 
0005 0E03      00052         swapf   STATUS,W
0006 0183      00053         clrf    STATUS          ; (enter bank 0)
0007 00A2      00054         movwf   status_temp
               00055 
0008 180C      00056         btfsc   PIR1,0          ; test if timer1 overflowed (TMR1IF)
0009 280B      00057         goto    tmr1_isr
               00058 
000A 2811      00059         goto    end_isr
               00060 
000B           00061 tmr1_isr
               00062         ; -------------------------------------------------------
               00063         ; timer1 interruption service request.
               00064         ; -------------------------------------------------------
               00065 
000B 0AA1      00066         incf    index,1         ; increment LED number
000C 19A1      00067         btfsc   index,3         ; if index = 8,
000D 01A1      00068         clrf    index           ;  index := 0
               00069 
000E 018C      00070         clrf    PIR1            ; clear interrupt flag
               00071 
000F 0821      00072         movf    index,w         ; light on the LED number 'index'
0010 2028      00073         call    led_on
               00074 
0011           00075 end_isr
0011 0E22      00076         swapf   status_temp,w
0012 0083      00077         movwf   STATUS
0013 0EA3      00078         swapf   w_temp,f
0014 0E23      00079         swapf   w_temp,w
0015 0009      00080         retfie
               00081 
0016           00082 config_led
               00083         ; -------------------------------------------------------
               00084         ; LED configuration.  return into W the TRISIO
               00085         ; configuration for lighting the proper LED.  before
               00086         ; calling this function, W must contain the LED number
               00087         ; (from 0 to 7) we want to light on.
               00088         ; we use this number as an offset into a table.
               00089         ; -------------------------------------------------------
               00090 
0016 0782      00091         addwf   PCL,f
0017 34CE      00092         retlw   B'11001110'     ; xx00x11x
0018 34CE      00093         retlw   B'11001110'
0019 34EA      00094         retlw   B'11101010'     ; xx10x01x
001A 34EA      00095         retlw   B'11101010'
001B 34DA      00096         retlw   B'11011010'     ; xx01x01x
001C 34DA      00097         retlw   B'11011010'
001D 34F8      00098         retlw   B'11111000'     ; xx11x00x
001E 34F8      00099         retlw   B'11111000'
               00100 
001F           00101 power_led
               00102         ; -------------------------------------------------------
               00103         ; LED powering on.  return into W the GPIO mask for
               00104         ; powering on the proper LED.  before calling this
               00105         ; function, W must contain the LED number (from 0 to 7)
gpasm-0.13.3 beta               timer8.asm  9-2-2006  17:59:38           PAGE  3


LOC  OBJECT CODE     LINE SOURCE TEXT
  VALUE
 
               00106         ; we want to light on.
               00107         ; we use this number as an offset into a table.
               00108         ; -------------------------------------------------------
               00109 
001F 0782      00110         addwf   PCL,f           ; GP   5 4 2 1
0020 3410      00111         retlw   B'00010000'     ; D0 = 0 1 Z Z
0021 3420      00112         retlw   B'00100000'     ; D1 = 1 0 Z Z
0022 3410      00113         retlw   B'00010000'     ; D2 = Z 1 0 Z
0023 3404      00114         retlw   B'00000100'     ; D3 = Z 0 1 Z
0024 3420      00115         retlw   B'00100000'     ; D4 = 1 Z 0 Z
0025 3404      00116         retlw   B'00000100'     ; D5 = 0 Z 1 Z
0026 3404      00117         retlw   B'00000100'     ; D6 = Z Z 1 0
0027 3402      00118         retlw   B'00000010'     ; D7 = Z Z 0 1
               00119 
0028           00120 led_on
               00121         ; -------------------------------------------------------
               00122         ; light on a LED.  W contains the LED number we want
               00123         ; to enable.
               00124         ; -------------------------------------------------------
               00125 
0028 1283      00126         bcf     STATUS,RP0      ; enter bank 0
0029 00A0      00127         movwf   ledn            ; save LED number to file
               00128 
002A 2016      00129         call    config_led      ; get TRISIO value, put it into W
002B 1683      00130         bsf     STATUS,RP0      ; enter bank 1
002C 0085      00131         movwf   TRISIO          ; configure I/O
               00132 
002D 1283      00133         bcf     STATUS,RP0      ; enter bank 0
002E 0820      00134         movf    ledn,w          ; restore LED number
               00135 
002F 201F      00136         call    power_led       ; get GPIO value, put it into W
0030 1283      00137         bcf     STATUS,RP0      ; enter bank 0
0031 0085      00138         movwf   GPIO            ; power on the desired LED
0032 0008      00139         return
               00140 
0033           00141 main
               00142         ; -------------------------------------------------------
               00143         ; program's main entry point.
               00144         ; -------------------------------------------------------
               00145 
               00146         ; init LED index
0033 30FF      00147         movlw   0xff            ; first time 'index' will be
0034 00A1      00148         movwf   index           ;  incremented, it will become 0x00
               00149 
               00150         ; init 16-bit timer
0035 1283      00151         bcf     STATUS,RP0      ; enter bank 0
0036 018E      00152         clrf    TMR1L           ; reset timer1 register pair
0037 018F      00153         clrf    TMR1H
               00154 
               00155         ; enable timer interrupts
0038 30C0      00156         movlw   0xc0            ; GIE, PIE
0039 008B      00157         movwf   INTCON
               00158 
003A 1683      00159         bsf     STATUS,RP0      ; enter bank 1
gpasm-0.13.3 beta               timer8.asm  9-2-2006  17:59:38           PAGE  4


LOC  OBJECT CODE     LINE SOURCE TEXT
  VALUE
 
003B 3001      00160         movlw   0x01            ; TMR1IE
003C 008C      00161         movwf   PIE1
               00162 
               00163         ; enable timer1
003D 1283      00164         bcf     STATUS,RP0      ; enter bank 0
003E 3021      00165         movlw   0x21            ; 1:4 prescale value; enable timer1
003F 0090      00166         movwf   T1CON           ;  overflow interrupt
               00167 
0040           00168 loop
               00169         ; -------------------------------------------------------
               00170         ; program's main loop.
               00171         ; -------------------------------------------------------
               00172 
0040 2840      00173         goto    loop            ; repeat forever
               00174 
gpasm-0.13.3 beta               timer8.asm  9-2-2006  17:59:38           PAGE  5


SYMBOL TABLE
  LABEL                             VALUE 

ADCON0                            0000001F
ADCS0                             00000004
ADCS1                             00000005
ADCS2                             00000006
ADFM                              00000007
ADIE                              00000006
ADIF                              00000006
ADON                              00000000
ADRESH                            0000001E
ADRESL                            0000009E
ANS0                              00000000
ANS1                              00000001
ANS2                              00000002
ANS3                              00000003
ANSEL                             0000009F
C                                 00000000
CAL0                              00000002
CAL1                              00000003
CAL2                              00000004
CAL3                              00000005
CAL4                              00000006
CAL5                              00000007
CHS0                              00000002
CHS1                              00000003
CINV                              00000004
CIS                               00000003
CM0                               00000000
CM1                               00000001
CM2                               00000002
CMCON                             00000019
CMIE                              00000003
CMIF                              00000003
COUT                              00000006
DC                                00000001
EEADR                             0000009B
EECON1                            0000009C
EECON2                            0000009D
EEDAT                             0000009A
EEDATA                            0000009A
EEIE                              00000007
EEIF                              00000007
F                                 00000001
FSR                               00000004
GIE                               00000007
GO                                00000001
GO_DONE                           00000001
GP0                               00000000
GP1                               00000001
GP2                               00000002
GP3                               00000003
GP4                               00000004
GP5                               00000005
GPIE                              00000003
gpasm-0.13.3 beta               timer8.asm  9-2-2006  17:59:38           PAGE  6


LOC  OBJECT CODE     LINE SOURCE TEXT
  VALUE
 
GPIF                              00000000
GPIO                              00000005
GPIO0                             00000000
GPIO1                             00000001
GPIO2                             00000002
GPIO3                             00000003
GPIO4                             00000004
GPIO5                             00000005
INDF                              00000000
INTCON                            0000000B
INTE                              00000004
INTEDG                            00000006
INTF                              00000001
IOC                               00000096
IOC0                              00000000
IOC1                              00000001
IOC2                              00000002
IOC3                              00000003
IOC4                              00000004
IOC5                              00000005
IOCB                              00000096
IOCB0                             00000000
IOCB1                             00000001
IOCB2                             00000002
IOCB3                             00000003
IOCB4                             00000004
IOCB5                             00000005
IRP                               00000007
NOT_BOD                           00000000
NOT_DONE                          00000001
NOT_GPPU                          00000007
NOT_PD                            00000003
NOT_POR                           00000001
NOT_T1SYNC                        00000002
NOT_TO                            00000004
OPTION_REG                        00000081
OSCCAL                            00000090
PCL                               00000002
PCLATH                            0000000A
PCON                              0000008E
PEIE                              00000006
PIE1                              0000008C
PIR1                              0000000C
PS0                               00000000
PS1                               00000001
PS2                               00000002
PSA                               00000003
RD                                00000000
RP0                               00000005
RP1                               00000006
STATUS                            00000003
T0CS                              00000005
T0IE                              00000005
T0IF                              00000002
gpasm-0.13.3 beta               timer8.asm  9-2-2006  17:59:38           PAGE  7


LOC  OBJECT CODE     LINE SOURCE TEXT
  VALUE
 
T0SE                              00000004
T1CKPS0                           00000004
T1CKPS1                           00000005
T1CON                             00000010
T1IE                              00000000
T1IF                              00000000
T1OSCEN                           00000003
TMR0                              00000001
TMR1CS                            00000001
TMR1GE                            00000006
TMR1H                             0000000F
TMR1IE                            00000000
TMR1IF                            00000000
TMR1L                             0000000E
TMR1ON                            00000000
TRISIO                            00000085
VCFG                              00000006
VR0                               00000000
VR1                               00000001
VR2                               00000002
VR3                               00000003
VRCON                             00000099
VREN                              00000007
VRR                               00000005
W                                 00000000
WPU                               00000095
WR                                00000001
WREN                              00000002
WRERR                             00000003
Z                                 00000002
_BODEN_OFF                        00003FBF
_BODEN_ON                         00003FFF
_CPD_OFF                          00003FFF
_CPD_ON                           00003EFF
_CP_OFF                           00003FFF
_CP_ON                            00003F7F
_EC_OSC                           00003FFB
_EXTRC_OSC_CLKOUT                 00003FFF
_EXTRC_OSC_NOCLKOUT               00003FFE
_HS_OSC                           00003FFA
_INTRC_OSC_CLKOUT                 00003FFD
_INTRC_OSC_NOCLKOUT               00003FFC
_LP_OSC                           00003FF8
_MCLRE_OFF                        00003FDF
_MCLRE_ON                         00003FFF
_PWRTE_OFF                        00003FFF
_PWRTE_ON                         00003FEF
_WDT_OFF                          00003FF7
_WDT_ON                           00003FFF
_XT_OSC                           00003FF9
__12F675                          00000001
config_led                        00000016
end_isr                           00000011
index                             00000021
gpasm-0.13.3 beta               timer8.asm  9-2-2006  17:59:38           PAGE  8


LOC  OBJECT CODE     LINE SOURCE TEXT
  VALUE
 
led_on                            00000028
ledn                              00000020
loop                              00000040
main                              00000033
power_led                         0000001F
status_temp                       00000022
tmr1_isr                          0000000B
w_temp                            00000023


MEMORY USAGE MAP ('X' = Used,  '-' = Unused)

00000000 : X---XXXXXXXXXXXX XXXXXXXXXXXXXXXX XXXXXXXXXXXXXXXX XXXXXXXXXXXXXXXX
00000040 : X--------------- ---------------- ---------------- ----------------
00002000 : -------X-------- ---------------- ---------------- ----------------

All other memory blocks unused.

Program Memory Words Used: 63


Errors   :       0
Warnings :       0 reported,       0 suppressed
Messages :       0 reported,       2 suppressed

